import express from "express";
import {
import {
import * as crypto from "crypto";
import {
import { BridgeChain } from "@circle-fin/app-kit";
